{
    "deployment_name": "test_context",
    "dns_base": "",
    "mod_base": "",
    "banner_color": "orange",
    "banner_text": "THIS IS A TEST BANNER",
    "singleuser_type": "singleuser",
    "deploy_keycloak": true,
    "deploy_minio": true
}